  console.log
    [dotenv@17.2.3] injecting env (4) from .env.local -- tip: ≡ƒùé∩╕Å backup and recover secrets: https://dotenvx.com/ops

      at _log (node_modules/dotenv/lib/main.js:142:11)

FAIL tests/integration/usage-guardrails.test.ts
  Usage Guardrails Integration (Story 4.1)
    ΓêÜ should start in good_standing (199 ms)
    ΓêÜ should flag account after first month of overage (834 ms)
    ΓêÜ should trigger upsell_required after second consecutive month of overage (674 ms)
    ΓêÜ should block usage when status is upsell_required (169 ms)
    ├ù should reset to good_standing if usage drops in third month (190 ms)

  ΓùÅ Usage Guardrails Integration (Story 4.1) ΓÇ║ should reset to good_standing if usage drops in third month

    expect(received).toBe(expected) // Object.is equality

    Expected: "good_standing"
    Received: null

      160 |     
      161 |     expect(error).toBeNull();
    > 162 |     expect(result.new_account_status).toBe("good_standing");
          |                                       ^
      163 |      
      164 |      // 4. Verify DB
      165 |     const { data: account } = await adminSupabase.from("accounts").select("*").eq("id", testAccountId).single();

      at Object.toBe (tests/integration/usage-guardrails.test.ts:162:39)

Test Suites: 1 failed, 1 total
Tests:       1 failed, 4 passed, 5 total
Snapshots:   0 total
Time:        4.49 s, estimated 6 s
Ran all test suites matching tests/integration/usage-guardrails.test.ts.
